******************************************************************************
             TMS320C2000 Linker PC v22.6.2                     
******************************************************************************
>> Linked Fri Apr 17 17:21:54 2026

OUTPUT FILE NAME:   <adc_DMA_f280049c.out>
ENTRY POINT SYMBOL: "code_start"  address: 00000000


MEMORY CONFIGURATION

         name            origin    length      used     unused   attr    fill
----------------------  --------  ---------  --------  --------  ----  --------
PAGE 0:
  BEGIN                 00000000   00000002  00000002  00000000  RWIX
  RAMM0                 000000f6   0000030a  00000032  000002d8  RWIX
  RAMLS0                00008000   00000800  00000800  00000000  RWIX
  RAMLS1                00008800   00000800  0000078b  00000075  RWIX
  RAMLS2                00009000   00000800  00000000  00000800  RWIX
  RAMLS3                00009800   00000800  00000000  00000800  RWIX
  RAMLS4                0000a000   00000800  00000000  00000800  RWIX
  FLASH_BANK0_SEC0      00080000   00001000  00000000  00001000  RWIX
  FLASH_BANK0_SEC1      00081000   00001000  00000000  00001000  RWIX
  FLASH_BANK0_SEC2      00082000   00001000  00000000  00001000  RWIX
  FLASH_BANK0_SEC3      00083000   00001000  00000000  00001000  RWIX
  FLASH_BANK0_SEC4      00084000   00001000  00000000  00001000  RWIX
  FLASH_BANK0_SEC5      00085000   00001000  00000000  00001000  RWIX
  FLASH_BANK0_SEC6      00086000   00001000  00000000  00001000  RWIX
  FLASH_BANK0_SEC7      00087000   00001000  00000000  00001000  RWIX
  FLASH_BANK0_SEC8      00088000   00001000  00000000  00001000  RWIX
  FLASH_BANK0_SEC9      00089000   00001000  00000000  00001000  RWIX
  FLASH_BANK0_SEC10     0008a000   00001000  00000000  00001000  RWIX
  FLASH_BANK0_SEC11     0008b000   00001000  00000000  00001000  RWIX
  FLASH_BANK0_SEC12     0008c000   00001000  00000000  00001000  RWIX
  FLASH_BANK0_SEC13     0008d000   00001000  00000000  00001000  RWIX
  FLASH_BANK0_SEC14     0008e000   00001000  00000000  00001000  RWIX
  FLASH_BANK0_SEC15     0008f000   00001000  00000000  00001000  RWIX
  FLASH_BANK1_SEC0      00090000   00001000  00000000  00001000  RWIX
  FLASH_BANK1_SEC1      00091000   00001000  00000000  00001000  RWIX
  FLASH_BANK1_SEC2      00092000   00001000  00000000  00001000  RWIX
  FLASH_BANK1_SEC3      00093000   00001000  00000000  00001000  RWIX
  FLASH_BANK1_SEC4      00094000   00001000  00000000  00001000  RWIX
  FLASH_BANK1_SEC5      00095000   00001000  00000000  00001000  RWIX
  FLASH_BANK1_SEC6      00096000   00001000  00000000  00001000  RWIX
  FLASH_BANK1_SEC7      00097000   00001000  00000000  00001000  RWIX
  FLASH_BANK1_SEC8      00098000   00001000  00000000  00001000  RWIX
  FLASH_BANK1_SEC9      00099000   00001000  00000000  00001000  RWIX
  FLASH_BANK1_SEC10     0009a000   00001000  00000000  00001000  RWIX
  FLASH_BANK1_SEC11     0009b000   00001000  00000000  00001000  RWIX
  FLASH_BANK1_SEC12     0009c000   00001000  00000000  00001000  RWIX
  FLASH_BANK1_SEC13     0009d000   00001000  00000000  00001000  RWIX
  FLASH_BANK1_SEC14     0009e000   00001000  00000000  00001000  RWIX
  FLASH_BANK1_SEC15     0009f000   00001000  00000000  00001000  RWIX
  RESET                 003fffc0   00000002  00000000  00000002  RWIX

PAGE 1:
  BOOT_RSVD             00000002   000000f1  00000000  000000f1  RWIX
  RAMM1                 00000400   000003f8  00000200  000001f8  RWIX
  ADCARESULT            00000b00   00000018  00000018  00000000  RWIX
  ADCBRESULT            00000b20   00000018  00000018  00000000  RWIX
  ADCCRESULT            00000b40   00000018  00000018  00000000  RWIX
  CPUTIMER0             00000c00   00000008  00000008  00000000  RWIX
  CPUTIMER1             00000c08   00000008  00000008  00000000  RWIX
  CPUTIMER2             00000c10   00000008  00000008  00000000  RWIX
  PIECTRL               00000ce0   0000001a  0000001a  00000000  RWIX
  PIEVECTTABLE          00000d00   00000200  000001c0  00000040  RWIX
  DMA                   00001000   00000200  000000e0  00000120  RWIX
  CLA1                  00001400   00000080  00000048  00000038  RWIX
  CLB1LOGICCFG          00003000   00000052  00000050  00000002  RWIX
  CLB1LOGICCTRL         00003100   00000040  00000040  00000000  RWIX
  CLB1DATAEXCH          00003200   00000200  00000108  000000f8  RWIX
  CLB2LOGICCFG          00003400   00000052  00000050  00000002  RWIX
  CLB2LOGICCTRL         00003500   00000040  00000040  00000000  RWIX
  CLB2DATAEXCH          00003600   00000200  00000108  000000f8  RWIX
  CLB3LOGICCFG          00003800   00000052  00000050  00000002  RWIX
  CLB3LOGICCTRL         00003900   00000040  00000040  00000000  RWIX
  CLB3DATAEXCH          00003a00   00000200  00000108  000000f8  RWIX
  CLB4LOGICCFG          00003c00   00000052  00000050  00000002  RWIX
  CLB4LOGICCTRL         00003d00   00000040  00000040  00000000  RWIX
  CLB4DATAEXCH          00003e00   00000200  00000108  000000f8  RWIX
  EPWM1                 00004000   00000100  00000100  00000000  RWIX
  EPWM2                 00004100   00000100  00000100  00000000  RWIX
  EPWM3                 00004200   00000100  00000100  00000000  RWIX
  EPWM4                 00004300   00000100  00000100  00000000  RWIX
  EPWM5                 00004400   00000100  00000100  00000000  RWIX
  EPWM6                 00004500   00000100  00000100  00000000  RWIX
  EPWM7                 00004600   00000100  00000100  00000000  RWIX
  EPWM8                 00004700   00000100  00000100  00000000  RWIX
  EQEP1                 00005100   00000040  00000036  0000000a  RWIX
  EQEP2                 00005140   00000040  00000036  0000000a  RWIX
  ECAP1                 00005200   0000001e  0000001a  00000004  RWIX
  ECAP2                 00005240   0000001e  0000001a  00000004  RWIX
  ECAP3                 00005280   0000001e  0000001a  00000004  RWIX
  ECAP4                 000052c0   0000001e  0000001a  00000004  RWIX
  ECAP5                 00005300   0000001e  0000001a  00000004  RWIX
  ECAP6                 00005340   0000001e  0000001a  00000004  RWIX
  HRCAP6                00005360   00000020  00000016  0000000a  RWIX
  ECAP7                 00005380   0000001e  0000001a  00000004  RWIX
  HRCAP7                000053a0   00000020  00000016  0000000a  RWIX
  PGA1                  00005b00   00000010  0000000a  00000006  RWIX
  PGA2                  00005b10   00000010  0000000a  00000006  RWIX
  PGA3                  00005b20   00000010  0000000a  00000006  RWIX
  PGA4                  00005b30   00000010  0000000a  00000006  RWIX
  PGA5                  00005b40   00000010  0000000a  00000006  RWIX
  PGA6                  00005b50   00000010  0000000a  00000006  RWIX
  PGA7                  00005b60   00000010  0000000a  00000006  RWIX
  DACA                  00005c00   00000008  00000007  00000001  RWIX
  DACB                  00005c10   00000008  00000007  00000001  RWIX
  CMPSS1                00005c80   00000020  0000001b  00000005  RWIX
  CMPSS2                00005ca0   00000020  0000001b  00000005  RWIX
  CMPSS3                00005cc0   00000020  0000001b  00000005  RWIX
  CMPSS4                00005ce0   00000020  0000001b  00000005  RWIX
  CMPSS5                00005d00   00000020  0000001b  00000005  RWIX
  CMPSS6                00005d20   00000020  0000001b  00000005  RWIX
  CMPSS7                00005d40   00000020  0000001b  00000005  RWIX
  SDFM1                 00005e00   00000070  00000050  00000020  RWIX
  SPIA                  00006100   00000010  00000010  00000000  RWIX
  SPIB                  00006110   00000010  00000010  00000000  RWIX
  CLAPROMCRC0           000061c0   00000020  00000020  00000000  RWIX
  PMBUSA                00006400   00000020  0000001e  00000002  RWIX
  FSITXA                00006600   00000050  00000050  00000000  RWIX
  FSIRXA                00006680   00000050  00000050  00000000  RWIX
  LINA                  00006a00   000000ec  000000ec  00000000  RWIX
  WD                    00007000   0000002c  0000002b  00000001  RWIX
  NMIINTRUPT            00007060   00000008  00000007  00000001  RWIX
  XINT                  00007070   0000000c  0000000b  00000001  RWIX
  SCIA                  00007200   00000010  00000010  00000000  RWIX
  SCIB                  00007210   00000010  00000010  00000000  RWIX
  I2CA                  00007300   00000022  00000022  00000000  RWIX
  ADCA                  00007400   00000080  00000076  0000000a  RWIX
  ADCB                  00007480   00000080  00000076  0000000a  RWIX
  ADCC                  00007500   00000080  00000076  0000000a  RWIX
  INPUTXBAR             00007900   00000020  00000020  00000000  RWIX
  XBAR                  00007920   00000020  00000010  00000010  RWIX
  SYNCSOC               00007940   00000006  00000006  00000000  RWIX
  DMACLASRCSEL          00007980   0000001a  0000001a  00000000  RWIX
  EPWMXBAR              00007a00   00000040  00000040  00000000  RWIX
  CLBXBAR               00007a40   00000040  00000040  00000000  RWIX
  OUTPUTXBAR            00007a80   00000040  00000040  00000000  RWIX
  GPIOCTRL              00007c00   00000200  00000200  00000000  RWIX
  GPIODATA              00007f00   00000040  0000003a  00000006  RWIX
  RAMLS5                0000a800   00000800  000001f3  0000060d  RWIX
  RAMLS6                0000b000   00000800  00000800  00000000  RWIX
  RAMLS7                0000b800   00000800  00000000  00000800  RWIX
  RAMGS0                0000c000   00002000  00000800  00001800  RWIX
  RAMGS1                0000e000   00002000  00000800  00001800  RWIX
  RAMGS2                00010000   00002000  000007f8  00001808  RWIX
  RAMGS3                00012000   00001ff8  00000000  00001ff8  RWIX
  CANA                  00048000   00000200  00000164  0000009c  RWIX
  CANB                  0004a000   00000200  00000164  0000009c  RWIX
  DEVCFG                0005d000   00000180  00000132  0000004e  RWIX
  CLKCFG                0005d200   00000036  00000034  00000002  RWIX
  CPUSYS                0005d300   00000082  00000082  00000000  RWIX
  SYSPERIPHAC           0005d500   00000200  00000200  00000000  RWIX
  ANALOGSUBSYS          0005d700   00000090  00000090  00000000  RWIX
  DCC0                  0005e700   0000002c  0000002c  00000000  RWIX
  ERADGLOBAL            0005e800   00000014  0000000b  00000009  RWIX
  ERADHWBP1             0005e900   00000008  00000008  00000000  RWIX
  ERADHWBP2             0005e908   00000008  00000008  00000000  RWIX
  ERADHWBP3             0005e910   00000008  00000008  00000000  RWIX
  ERADHWBP4             0005e918   00000008  00000008  00000000  RWIX
  ERADHWBP5             0005e920   00000008  00000008  00000000  RWIX
  ERADHWBP6             0005e928   00000008  00000008  00000000  RWIX
  ERADHWBP7             0005e930   00000008  00000008  00000000  RWIX
  ERADHWBP8             0005e938   00000008  00000008  00000000  RWIX
  ERADCOUNTER1          0005e980   00000010  0000000a  00000006  RWIX
  ERADCOUNTER2          0005e990   00000010  0000000a  00000006  RWIX
  ERADCOUNTER3          0005e9a0   00000010  0000000a  00000006  RWIX
  ERADCOUNTER4          0005e9b0   00000010  0000000a  00000006  RWIX
  DCSMBANK0Z1           0005f000   00000024  00000022  00000002  RWIX
  DCSMBANK0Z2           0005f040   00000024  00000022  00000002  RWIX
  DCSMCOMMON            0005f070   00000010  00000010  00000000  RWIX
  DCSMBANK1Z1           0005f100   00000024  00000020  00000004  RWIX
  DCSMBANK1Z2           0005f140   00000024  00000020  00000004  RWIX
  MEMCFG                0005f400   00000080  00000076  0000000a  RWIX
  ACCESSPROTECTION      0005f4c0   00000040  0000002e  00000012  RWIX
  MEMORYERROR           0005f500   00000040  0000003a  00000006  RWIX
  FLASH0CTRL            0005f800   00000182  00000182  00000000  RWIX
  FLASH0ECC             0005fb00   00000028  00000028  00000000  RWIX
  UID                   000703cc   00000010  00000010  00000000  RWIX


SECTION ALLOCATION MAP

 output                                  attributes/
section   page    origin      length       input sections
--------  ----  ----------  ----------   ----------------
codestart 
*          0    00000000    00000002     
                  00000000    00000002     f28004x_codestartbranch.obj (codestart)

.cinit     0    000000f6    0000002e     
                  000000f6    0000000e     rts2800_fpu32.lib : exit.c.obj (.cinit)
                  00000104    0000000d     f28004x_adc_ex1_soc_epwm.obj (.cinit)
                  00000111    00000005     rts2800_fpu32.lib : _lock.c.obj (.cinit:__lock)
                  00000116    00000005                       : _lock.c.obj (.cinit:__unlock)
                  0000011b    00000005     f28004x_fft.obj (.cinit)
                  00000120    00000004     rts2800_fpu32.lib : errno.c.obj (.cinit)

.TI.ramfunc 
*          0    00000124    00000004     
                  00000124    00000004     f28004x_usdelay.obj (.TI.ramfunc)

.reset     0    003fffc0    00000002     DSECT
                  003fffc0    00000002     rts2800_fpu32.lib : boot28.asm.obj (.reset)

.stack     1    00000400    00000200     UNINITIALIZED
                  00000400    00000200     --HOLE--

.pinit     0    000000f6    00000000     UNINITIALIZED

AdcaResultRegsFile 
*          1    00000b00    00000018     UNINITIALIZED
                  00000b00    00000018     f28004x_globalvariabledefs.obj (AdcaResultRegsFile)

AdcbResultRegsFile 
*          1    00000b20    00000018     UNINITIALIZED
                  00000b20    00000018     f28004x_globalvariabledefs.obj (AdcbResultRegsFile)

AdccResultRegsFile 
*          1    00000b40    00000018     UNINITIALIZED
                  00000b40    00000018     f28004x_globalvariabledefs.obj (AdccResultRegsFile)

CpuTimer0RegsFile 
*          1    00000c00    00000008     UNINITIALIZED
                  00000c00    00000008     f28004x_globalvariabledefs.obj (CpuTimer0RegsFile)

CpuTimer1RegsFile 
*          1    00000c08    00000008     UNINITIALIZED
                  00000c08    00000008     f28004x_globalvariabledefs.obj (CpuTimer1RegsFile)

CpuTimer2RegsFile 
*          1    00000c10    00000008     UNINITIALIZED
                  00000c10    00000008     f28004x_globalvariabledefs.obj (CpuTimer2RegsFile)

PieCtrlRegsFile 
*          1    00000ce0    0000001a     UNINITIALIZED
                  00000ce0    0000001a     f28004x_globalvariabledefs.obj (PieCtrlRegsFile)

PieVectTableFile 
*          1    00000d00    000001c0     UNINITIALIZED
                  00000d00    000001c0     f28004x_globalvariabledefs.obj (PieVectTableFile)

EmuKeyVar 
*          1    00000d00    00000000     UNINITIALIZED

EmuBModeVar 
*          1    00000d00    00000000     UNINITIALIZED

EmuBootPinsVar 
*          1    00000d00    00000000     UNINITIALIZED

FlashCallbackVar 
*          1    00000d00    00000000     UNINITIALIZED

FlashScalingVar 
*          1    00000d00    00000000     UNINITIALIZED

DmaRegsFile 
*          1    00001000    000000e0     UNINITIALIZED
                  00001000    000000e0     f28004x_globalvariabledefs.obj (DmaRegsFile)

Cla1RegsFile 
*          1    00001400    00000048     UNINITIALIZED
                  00001400    00000048     f28004x_globalvariabledefs.obj (Cla1RegsFile)

Clb1LogicCfgRegsFile 
*          1    00003000    00000050     UNINITIALIZED
                  00003000    00000050     f28004x_globalvariabledefs.obj (Clb1LogicCfgRegsFile)

Clb1LogicCtrlRegsFile 
*          1    00003100    00000040     UNINITIALIZED
                  00003100    00000040     f28004x_globalvariabledefs.obj (Clb1LogicCtrlRegsFile)

Clb1DataExchRegsFile 
*          1    00003200    00000108     UNINITIALIZED
                  00003200    00000108     f28004x_globalvariabledefs.obj (Clb1DataExchRegsFile)

Clb2LogicCfgRegsFile 
*          1    00003400    00000050     UNINITIALIZED
                  00003400    00000050     f28004x_globalvariabledefs.obj (Clb2LogicCfgRegsFile)

Clb2LogicCtrlRegsFile 
*          1    00003500    00000040     UNINITIALIZED
                  00003500    00000040     f28004x_globalvariabledefs.obj (Clb2LogicCtrlRegsFile)

Clb2DataExchRegsFile 
*          1    00003600    00000108     UNINITIALIZED
                  00003600    00000108     f28004x_globalvariabledefs.obj (Clb2DataExchRegsFile)

Clb3LogicCfgRegsFile 
*          1    00003800    00000050     UNINITIALIZED
                  00003800    00000050     f28004x_globalvariabledefs.obj (Clb3LogicCfgRegsFile)

Clb3LogicCtrlRegsFile 
*          1    00003900    00000040     UNINITIALIZED
                  00003900    00000040     f28004x_globalvariabledefs.obj (Clb3LogicCtrlRegsFile)

Clb3DataExchRegsFile 
*          1    00003a00    00000108     UNINITIALIZED
                  00003a00    00000108     f28004x_globalvariabledefs.obj (Clb3DataExchRegsFile)

Clb4LogicCfgRegsFile 
*          1    00003c00    00000050     UNINITIALIZED
                  00003c00    00000050     f28004x_globalvariabledefs.obj (Clb4LogicCfgRegsFile)

Clb4LogicCtrlRegsFile 
*          1    00003d00    00000040     UNINITIALIZED
                  00003d00    00000040     f28004x_globalvariabledefs.obj (Clb4LogicCtrlRegsFile)

Clb4DataExchRegsFile 
*          1    00003e00    00000108     UNINITIALIZED
                  00003e00    00000108     f28004x_globalvariabledefs.obj (Clb4DataExchRegsFile)

EPwm1RegsFile 
*          1    00004000    00000100     UNINITIALIZED
                  00004000    00000100     f28004x_globalvariabledefs.obj (EPwm1RegsFile)

EPwm2RegsFile 
*          1    00004100    00000100     UNINITIALIZED
                  00004100    00000100     f28004x_globalvariabledefs.obj (EPwm2RegsFile)

EPwm3RegsFile 
*          1    00004200    00000100     UNINITIALIZED
                  00004200    00000100     f28004x_globalvariabledefs.obj (EPwm3RegsFile)

EPwm4RegsFile 
*          1    00004300    00000100     UNINITIALIZED
                  00004300    00000100     f28004x_globalvariabledefs.obj (EPwm4RegsFile)

EPwm5RegsFile 
*          1    00004400    00000100     UNINITIALIZED
                  00004400    00000100     f28004x_globalvariabledefs.obj (EPwm5RegsFile)

EPwm6RegsFile 
*          1    00004500    00000100     UNINITIALIZED
                  00004500    00000100     f28004x_globalvariabledefs.obj (EPwm6RegsFile)

EPwm7RegsFile 
*          1    00004600    00000100     UNINITIALIZED
                  00004600    00000100     f28004x_globalvariabledefs.obj (EPwm7RegsFile)

EPwm8RegsFile 
*          1    00004700    00000100     UNINITIALIZED
                  00004700    00000100     f28004x_globalvariabledefs.obj (EPwm8RegsFile)

EQep1RegsFile 
*          1    00005100    00000036     UNINITIALIZED
                  00005100    00000036     f28004x_globalvariabledefs.obj (EQep1RegsFile)

EQep2RegsFile 
*          1    00005140    00000036     UNINITIALIZED
                  00005140    00000036     f28004x_globalvariabledefs.obj (EQep2RegsFile)

ECap1RegsFile 
*          1    00005200    0000001a     UNINITIALIZED
                  00005200    0000001a     f28004x_globalvariabledefs.obj (ECap1RegsFile)

ECap2RegsFile 
*          1    00005240    0000001a     UNINITIALIZED
                  00005240    0000001a     f28004x_globalvariabledefs.obj (ECap2RegsFile)

ECap3RegsFile 
*          1    00005280    0000001a     UNINITIALIZED
                  00005280    0000001a     f28004x_globalvariabledefs.obj (ECap3RegsFile)

ECap4RegsFile 
*          1    000052c0    0000001a     UNINITIALIZED
                  000052c0    0000001a     f28004x_globalvariabledefs.obj (ECap4RegsFile)

ECap5RegsFile 
*          1    00005300    0000001a     UNINITIALIZED
                  00005300    0000001a     f28004x_globalvariabledefs.obj (ECap5RegsFile)

ECap6RegsFile 
*          1    00005340    0000001a     UNINITIALIZED
                  00005340    0000001a     f28004x_globalvariabledefs.obj (ECap6RegsFile)

HRCap6RegsFile 
*          1    00005360    00000016     UNINITIALIZED
                  00005360    00000016     f28004x_globalvariabledefs.obj (HRCap6RegsFile)

ECap7RegsFile 
*          1    00005380    0000001a     UNINITIALIZED
                  00005380    0000001a     f28004x_globalvariabledefs.obj (ECap7RegsFile)

HRCap7RegsFile 
*          1    000053a0    00000016     UNINITIALIZED
                  000053a0    00000016     f28004x_globalvariabledefs.obj (HRCap7RegsFile)

Pga1RegsFile 
*          1    00005b00    0000000a     UNINITIALIZED
                  00005b00    0000000a     f28004x_globalvariabledefs.obj (Pga1RegsFile)

Pga2RegsFile 
*          1    00005b10    0000000a     UNINITIALIZED
                  00005b10    0000000a     f28004x_globalvariabledefs.obj (Pga2RegsFile)

Pga3RegsFile 
*          1    00005b20    0000000a     UNINITIALIZED
                  00005b20    0000000a     f28004x_globalvariabledefs.obj (Pga3RegsFile)

Pga4RegsFile 
*          1    00005b30    0000000a     UNINITIALIZED
                  00005b30    0000000a     f28004x_globalvariabledefs.obj (Pga4RegsFile)

Pga5RegsFile 
*          1    00005b40    0000000a     UNINITIALIZED
                  00005b40    0000000a     f28004x_globalvariabledefs.obj (Pga5RegsFile)

Pga6RegsFile 
*          1    00005b50    0000000a     UNINITIALIZED
                  00005b50    0000000a     f28004x_globalvariabledefs.obj (Pga6RegsFile)

Pga7RegsFile 
*          1    00005b60    0000000a     UNINITIALIZED
                  00005b60    0000000a     f28004x_globalvariabledefs.obj (Pga7RegsFile)

DacaRegsFile 
*          1    00005c00    00000007     UNINITIALIZED
                  00005c00    00000007     f28004x_globalvariabledefs.obj (DacaRegsFile)

DacbRegsFile 
*          1    00005c10    00000007     UNINITIALIZED
                  00005c10    00000007     f28004x_globalvariabledefs.obj (DacbRegsFile)

Cmpss1RegsFile 
*          1    00005c80    0000001b     UNINITIALIZED
                  00005c80    0000001b     f28004x_globalvariabledefs.obj (Cmpss1RegsFile)

Cmpss2RegsFile 
*          1    00005ca0    0000001b     UNINITIALIZED
                  00005ca0    0000001b     f28004x_globalvariabledefs.obj (Cmpss2RegsFile)

Cmpss3RegsFile 
*          1    00005cc0    0000001b     UNINITIALIZED
                  00005cc0    0000001b     f28004x_globalvariabledefs.obj (Cmpss3RegsFile)

Cmpss4RegsFile 
*          1    00005ce0    0000001b     UNINITIALIZED
                  00005ce0    0000001b     f28004x_globalvariabledefs.obj (Cmpss4RegsFile)

Cmpss5RegsFile 
*          1    00005d00    0000001b     UNINITIALIZED
                  00005d00    0000001b     f28004x_globalvariabledefs.obj (Cmpss5RegsFile)

Cmpss6RegsFile 
*          1    00005d20    0000001b     UNINITIALIZED
                  00005d20    0000001b     f28004x_globalvariabledefs.obj (Cmpss6RegsFile)

Cmpss7RegsFile 
*          1    00005d40    0000001b     UNINITIALIZED
                  00005d40    0000001b     f28004x_globalvariabledefs.obj (Cmpss7RegsFile)

Sdfm1RegsFile 
*          1    00005e00    00000050     UNINITIALIZED
                  00005e00    00000050     f28004x_globalvariabledefs.obj (Sdfm1RegsFile)

SpiaRegsFile 
*          1    00006100    00000010     UNINITIALIZED
                  00006100    00000010     f28004x_globalvariabledefs.obj (SpiaRegsFile)

SpibRegsFile 
*          1    00006110    00000010     UNINITIALIZED
                  00006110    00000010     f28004x_globalvariabledefs.obj (SpibRegsFile)

ClaPromCrc0RegsFile 
*          1    000061c0    00000020     UNINITIALIZED
                  000061c0    00000020     f28004x_globalvariabledefs.obj (ClaPromCrc0RegsFile)

PmbusaRegsFile 
*          1    00006400    0000001e     UNINITIALIZED
                  00006400    0000001e     f28004x_globalvariabledefs.obj (PmbusaRegsFile)

FsiTxaRegsFile 
*          1    00006600    00000050     UNINITIALIZED
                  00006600    00000050     f28004x_globalvariabledefs.obj (FsiTxaRegsFile)

FsiRxaRegsFile 
*          1    00006680    00000050     UNINITIALIZED
                  00006680    00000050     f28004x_globalvariabledefs.obj (FsiRxaRegsFile)

LinaRegsFile 
*          1    00006a00    000000ec     UNINITIALIZED
                  00006a00    000000ec     f28004x_globalvariabledefs.obj (LinaRegsFile)

WdRegsFile 
*          1    00007000    0000002b     UNINITIALIZED
                  00007000    0000002b     f28004x_globalvariabledefs.obj (WdRegsFile)

NmiIntruptRegsFile 
*          1    00007060    00000007     UNINITIALIZED
                  00007060    00000007     f28004x_globalvariabledefs.obj (NmiIntruptRegsFile)

XintRegsFile 
*          1    00007070    0000000b     UNINITIALIZED
                  00007070    0000000b     f28004x_globalvariabledefs.obj (XintRegsFile)

SciaRegsFile 
*          1    00007200    00000010     UNINITIALIZED
                  00007200    00000010     f28004x_globalvariabledefs.obj (SciaRegsFile)

ScibRegsFile 
*          1    00007210    00000010     UNINITIALIZED
                  00007210    00000010     f28004x_globalvariabledefs.obj (ScibRegsFile)

I2caRegsFile 
*          1    00007300    00000022     UNINITIALIZED
                  00007300    00000022     f28004x_globalvariabledefs.obj (I2caRegsFile)

AdcaRegsFile 
*          1    00007400    00000076     UNINITIALIZED
                  00007400    00000076     f28004x_globalvariabledefs.obj (AdcaRegsFile)

AdcbRegsFile 
*          1    00007480    00000076     UNINITIALIZED
                  00007480    00000076     f28004x_globalvariabledefs.obj (AdcbRegsFile)

AdccRegsFile 
*          1    00007500    00000076     UNINITIALIZED
                  00007500    00000076     f28004x_globalvariabledefs.obj (AdccRegsFile)

InputXbarRegsFile 
*          1    00007900    00000020     UNINITIALIZED
                  00007900    00000020     f28004x_globalvariabledefs.obj (InputXbarRegsFile)

XbarRegsFile 
*          1    00007920    00000010     UNINITIALIZED
                  00007920    00000010     f28004x_globalvariabledefs.obj (XbarRegsFile)

SyncSocRegsFile 
*          1    00007940    00000006     UNINITIALIZED
                  00007940    00000006     f28004x_globalvariabledefs.obj (SyncSocRegsFile)

DmaClaSrcSelRegsFile 
*          1    00007980    0000001a     UNINITIALIZED
                  00007980    0000001a     f28004x_globalvariabledefs.obj (DmaClaSrcSelRegsFile)

EPwmXbarRegsFile 
*          1    00007a00    00000040     UNINITIALIZED
                  00007a00    00000040     f28004x_globalvariabledefs.obj (EPwmXbarRegsFile)

CLBXbarRegsFile 
*          1    00007a40    00000040     UNINITIALIZED
                  00007a40    00000040     f28004x_globalvariabledefs.obj (CLBXbarRegsFile)

OutputXbarRegsFile 
*          1    00007a80    00000040     UNINITIALIZED
                  00007a80    00000040     f28004x_globalvariabledefs.obj (OutputXbarRegsFile)

GpioCtrlRegsFile 
*          1    00007c00    00000200     UNINITIALIZED
                  00007c00    00000200     f28004x_globalvariabledefs.obj (GpioCtrlRegsFile)

GpioDataRegsFile 
*          1    00007f00    0000003a     UNINITIALIZED
                  00007f00    0000003a     f28004x_globalvariabledefs.obj (GpioDataRegsFile)

.econst    1    0000a800    000001d0     
                  0000a800    000001c0     f28004x_pievect.obj (.econst:_PieVectTableInit)
                  0000a9c0    00000010     rts2800_fpu32.lib : e_log2f.c.obj (.econst)

ramgs0     1    0000c000    00000800     UNINITIALIZED
                  0000c000    00000800     f28004x_adc_ex1_soc_epwm.obj (ramgs0)

FFT_buffer_2 
*          1    0000e000    00000800     UNINITIALIZED
                  0000e000    00000800     f28004x_fft.obj (FFT_buffer_2)

FPUfftTables 
*          1    00010000    000007f8     
                  00010000    000007f8     c28x_fpu_dsp_library_coff.lib : RFFT_f32_twiddleFactors.obj (FPUfftTables)

CanaRegsFile 
*          1    00048000    00000164     UNINITIALIZED
                  00048000    00000164     f28004x_globalvariabledefs.obj (CanaRegsFile)

CanbRegsFile 
*          1    0004a000    00000164     UNINITIALIZED
                  0004a000    00000164     f28004x_globalvariabledefs.obj (CanbRegsFile)

DevCfgRegsFile 
*          1    0005d000    00000132     UNINITIALIZED
                  0005d000    00000132     f28004x_globalvariabledefs.obj (DevCfgRegsFile)

ClkCfgRegsFile 
*          1    0005d200    00000034     UNINITIALIZED
                  0005d200    00000034     f28004x_globalvariabledefs.obj (ClkCfgRegsFile)

CpuSysRegsFile 
*          1    0005d300    00000082     UNINITIALIZED
                  0005d300    00000082     f28004x_globalvariabledefs.obj (CpuSysRegsFile)

SysPeriphAcRegsFile 
*          1    0005d500    00000200     UNINITIALIZED
                  0005d500    00000200     f28004x_globalvariabledefs.obj (SysPeriphAcRegsFile)

AnalogSubsysRegsFile 
*          1    0005d700    00000090     UNINITIALIZED
                  0005d700    00000090     f28004x_globalvariabledefs.obj (AnalogSubsysRegsFile)

Dcc0RegsFile 
*          1    0005e700    0000002c     UNINITIALIZED
                  0005e700    0000002c     f28004x_globalvariabledefs.obj (Dcc0RegsFile)

EradGlobalRegsFile 
*          1    0005e800    0000000b     UNINITIALIZED
                  0005e800    0000000b     f28004x_globalvariabledefs.obj (EradGlobalRegsFile)

EradHWBP1RegsFile 
*          1    0005e900    00000008     UNINITIALIZED
                  0005e900    00000008     f28004x_globalvariabledefs.obj (EradHWBP1RegsFile)

EradHWBP2RegsFile 
*          1    0005e908    00000008     UNINITIALIZED
                  0005e908    00000008     f28004x_globalvariabledefs.obj (EradHWBP2RegsFile)

EradHWBP3RegsFile 
*          1    0005e910    00000008     UNINITIALIZED
                  0005e910    00000008     f28004x_globalvariabledefs.obj (EradHWBP3RegsFile)

EradHWBP4RegsFile 
*          1    0005e918    00000008     UNINITIALIZED
                  0005e918    00000008     f28004x_globalvariabledefs.obj (EradHWBP4RegsFile)

EradHWBP5RegsFile 
*          1    0005e920    00000008     UNINITIALIZED
                  0005e920    00000008     f28004x_globalvariabledefs.obj (EradHWBP5RegsFile)

EradHWBP6RegsFile 
*          1    0005e928    00000008     UNINITIALIZED
                  0005e928    00000008     f28004x_globalvariabledefs.obj (EradHWBP6RegsFile)

EradHWBP7RegsFile 
*          1    0005e930    00000008     UNINITIALIZED
                  0005e930    00000008     f28004x_globalvariabledefs.obj (EradHWBP7RegsFile)

EradHWBP8RegsFile 
*          1    0005e938    00000008     UNINITIALIZED
                  0005e938    00000008     f28004x_globalvariabledefs.obj (EradHWBP8RegsFile)

EradCounter1RegsFile 
*          1    0005e980    0000000a     UNINITIALIZED
                  0005e980    0000000a     f28004x_globalvariabledefs.obj (EradCounter1RegsFile)

EradCounter2RegsFile 
*          1    0005e990    0000000a     UNINITIALIZED
                  0005e990    0000000a     f28004x_globalvariabledefs.obj (EradCounter2RegsFile)

EradCounter3RegsFile 
*          1    0005e9a0    0000000a     UNINITIALIZED
                  0005e9a0    0000000a     f28004x_globalvariabledefs.obj (EradCounter3RegsFile)

EradCounter4RegsFile 
*          1    0005e9b0    0000000a     UNINITIALIZED
                  0005e9b0    0000000a     f28004x_globalvariabledefs.obj (EradCounter4RegsFile)

DcsmBank0Z1RegsFile 
*          1    0005f000    00000022     UNINITIALIZED
                  0005f000    00000022     f28004x_globalvariabledefs.obj (DcsmBank0Z1RegsFile)

DcsmBank0Z2RegsFile 
*          1    0005f040    00000022     UNINITIALIZED
                  0005f040    00000022     f28004x_globalvariabledefs.obj (DcsmBank0Z2RegsFile)

DcsmCommonRegsFile 
*          1    0005f070    00000010     UNINITIALIZED
                  0005f070    00000010     f28004x_globalvariabledefs.obj (DcsmCommonRegsFile)

DcsmBank1Z1RegsFile 
*          1    0005f100    00000020     UNINITIALIZED
                  0005f100    00000020     f28004x_globalvariabledefs.obj (DcsmBank1Z1RegsFile)

DcsmBank1Z2RegsFile 
*          1    0005f140    00000020     UNINITIALIZED
                  0005f140    00000020     f28004x_globalvariabledefs.obj (DcsmBank1Z2RegsFile)

MemCfgRegsFile 
*          1    0005f400    00000076     UNINITIALIZED
                  0005f400    00000076     f28004x_globalvariabledefs.obj (MemCfgRegsFile)

AccessProtectionRegsFile 
*          1    0005f4c0    0000002e     UNINITIALIZED
                  0005f4c0    0000002e     f28004x_globalvariabledefs.obj (AccessProtectionRegsFile)

MemoryErrorRegsFile 
*          1    0005f500    0000003a     UNINITIALIZED
                  0005f500    0000003a     f28004x_globalvariabledefs.obj (MemoryErrorRegsFile)

Flash0CtrlRegsFile 
*          1    0005f800    00000182     UNINITIALIZED
                  0005f800    00000182     f28004x_globalvariabledefs.obj (Flash0CtrlRegsFile)

Flash0EccRegsFile 
*          1    0005fb00    00000028     UNINITIALIZED
                  0005fb00    00000028     f28004x_globalvariabledefs.obj (Flash0EccRegsFile)

UidRegsFile 
*          1    000703cc    00000010     UNINITIALIZED
                  000703cc    00000010     f28004x_globalvariabledefs.obj (UidRegsFile)

.text.1    0    00008000    00000800     
                  00008000    000004b3     f28004x_defaultisr.obj (.text:retain)
                  000084b3    000002db     f28004x_sysctrl.obj (.text)
                  0000878e    00000067     f28004x_adc.obj (.text)
                  000087f5    00000009     rts2800_fpu32.lib : _lock.c.obj (.text)
                  000087fe    00000002                       : pre_init.c.obj (.text)

.text.2    0    00008800    0000078b     
                  00008800    000001e3     f28004x_gpio.obj (.text)
                  000089e3    00000146     f28004x_adc_ex1_soc_epwm.obj (.text)
                  00008b29    00000001     rts2800_fpu32.lib : startup.c.obj (.text)
                  00008b2a    0000011d     c28x_fpu_dsp_library_coff.lib : RFFT_f32.obj (.text)
                  00008c47    000000c8     rts2800_fpu32.lib : e_log2f.c.obj (.text)
                  00008d0f    00000088                       : fs_div28.asm.obj (.text)
                  00008d97    00000056                       : boot28.asm.obj (.text)
                  00008ded    00000001     --HOLE-- [fill = 0]
                  00008dee    0000004e     c28x_fpu_dsp_library_coff.lib : RFFT_f32_mag_TMU0.obj (.text)
                  00008e3c    00000045     f28004x_fft.obj (.text)
                  00008e81    00000039     f28004x_adc_ex1_soc_epwm.obj (.text:retain)
                  00008eba    00000029     rts2800_fpu32.lib : exit.c.obj (.text)
                  00008ee3    00000028     f28004x_piectrl.obj (.text)
                  00008f0b    00000025     f28004x_pievect.obj (.text)
                  00008f30    00000024     rts2800_fpu32.lib : cpy_tbl.c.obj (.text)
                  00008f54    0000001d                       : memcpy.c.obj (.text)
                  00008f71    00000012                       : args_main.c.obj (.text)
                  00008f83    00000008     f28004x_codestartbranch.obj (.text)

.ebss.1    1    0000a9d0    00000023     UNINITIALIZED
                  0000a9d0    00000014     f28004x_adc_ex1_soc_epwm.obj (.ebss)
                  0000a9e4    00000006     rts2800_fpu32.lib : exit.c.obj (.ebss)
                  0000a9ea    00000004     f28004x_fft.obj (.ebss)
                  0000a9ee    00000002     rts2800_fpu32.lib : _lock.c.obj (.ebss:__lock)
                  0000a9f0    00000002                       : _lock.c.obj (.ebss:__unlock)
                  0000a9f2    00000001                       : errno.c.obj (.ebss)

.ebss.2    1    0000b000    00000800     UNINITIALIZED
                  0000b000    00000800     f28004x_adc_ex1_soc_epwm.obj (.ebss:_fftBuffer)

MODULE SUMMARY

       Module                           code   initialized data   uninitialized data
       ------                           ----   ----------------   ------------------
    .\
       f28004x_globalvariabledefs.obj   0      0                  9873              
       f28004x_adc_ex1_soc_epwm.obj     383    13                 4116              
       f28004x_fft.obj                  69     5                  2052              
       f28004x_defaultisr.obj           1203   0                  0                 
       f28004x_sysctrl.obj              731    0                  0                 
       f28004x_pievect.obj              37     448                0                 
       f28004x_gpio.obj                 483    0                  0                 
       f28004x_adc.obj                  103    0                  0                 
       f28004x_piectrl.obj              40     0                  0                 
       f28004x_codestartbranch.obj      10     0                  0                 
       f28004x_usdelay.obj              4      0                  0                 
    +--+--------------------------------+------+------------------+--------------------+
       Total:                           3063   466                16041             
                                                                                    
    C:\TI\C2000Ware_26_00_00_00\libraries\dsp\FPU\c28\lib\c28x_fpu_dsp_library_coff.lib
       RFFT_f32_twiddleFactors.obj      0      2040               0                 
       RFFT_f32.obj                     285    0                  0                 
       RFFT_f32_mag_TMU0.obj            78     0                  0                 
    +--+--------------------------------+------+------------------+--------------------+
       Total:                           363    2040               0                 
                                                                                    
    C:\Users\param\Documents\ccs\tools\compiler\ti-cgt-c2000_22.6.2.LTS\lib\rts2800_fpu32.lib
       e_log2f.c.obj                    200    16                 0                 
       fs_div28.asm.obj                 136    0                  0                 
       boot28.asm.obj                   86     0                  0                 
       exit.c.obj                       41     14                 6                 
       cpy_tbl.c.obj                    36     0                  0                 
       memcpy.c.obj                     29     0                  0                 
       _lock.c.obj                      9      10                 4                 
       args_main.c.obj                  18     0                  0                 
       errno.c.obj                      0      4                  1                 
       pre_init.c.obj                   2      0                  0                 
       startup.c.obj                    1      0                  0                 
    +--+--------------------------------+------+------------------+--------------------+
       Total:                           558    44                 11                
                                                                                    
       Stack:                           0      0                  512               
    +--+--------------------------------+------+------------------+--------------------+
       Grand Total:                     3984   2550               16564             


GLOBAL DATA SYMBOLS: SORTED BY DATA PAGE

address     data page           name
--------    ----------------    ----
00000400      10 (00000400)     __stack

00000b00      2c (00000b00)     _AdcaResultRegs
00000b20      2c (00000b00)     _AdcbResultRegs

00000b40      2d (00000b40)     _AdccResultRegs

00000c00      30 (00000c00)     _CpuTimer0Regs
00000c08      30 (00000c00)     _CpuTimer1Regs
00000c10      30 (00000c00)     _CpuTimer2Regs

00000ce0      33 (00000cc0)     _PieCtrlRegs

00000d00      34 (00000d00)     _PieVectTable

00001000      40 (00001000)     _DmaRegs

00001400      50 (00001400)     _Cla1Regs

00003000      c0 (00003000)     _Clb1LogicCfgRegs

00003100      c4 (00003100)     _Clb1LogicCtrlRegs

00003200      c8 (00003200)     _Clb1DataExchRegs

00003400      d0 (00003400)     _Clb2LogicCfgRegs

00003500      d4 (00003500)     _Clb2LogicCtrlRegs

00003600      d8 (00003600)     _Clb2DataExchRegs

00003800      e0 (00003800)     _Clb3LogicCfgRegs

00003900      e4 (00003900)     _Clb3LogicCtrlRegs

00003a00      e8 (00003a00)     _Clb3DataExchRegs

00003c00      f0 (00003c00)     _Clb4LogicCfgRegs

00003d00      f4 (00003d00)     _Clb4LogicCtrlRegs

00003e00      f8 (00003e00)     _Clb4DataExchRegs

00004000     100 (00004000)     _EPwm1Regs

00004100     104 (00004100)     _EPwm2Regs

00004200     108 (00004200)     _EPwm3Regs

00004300     10c (00004300)     _EPwm4Regs

00004400     110 (00004400)     _EPwm5Regs

00004500     114 (00004500)     _EPwm6Regs

00004600     118 (00004600)     _EPwm7Regs

00004700     11c (00004700)     _EPwm8Regs

00005100     144 (00005100)     _EQep1Regs

00005140     145 (00005140)     _EQep2Regs

00005200     148 (00005200)     _ECap1Regs

00005240     149 (00005240)     _ECap2Regs

00005280     14a (00005280)     _ECap3Regs

000052c0     14b (000052c0)     _ECap4Regs

00005300     14c (00005300)     _ECap5Regs

00005340     14d (00005340)     _ECap6Regs
00005360     14d (00005340)     _HRCap6Regs

00005380     14e (00005380)     _ECap7Regs
000053a0     14e (00005380)     _HRCap7Regs

00005b00     16c (00005b00)     _Pga1Regs
00005b10     16c (00005b00)     _Pga2Regs
00005b20     16c (00005b00)     _Pga3Regs
00005b30     16c (00005b00)     _Pga4Regs

00005b40     16d (00005b40)     _Pga5Regs
00005b50     16d (00005b40)     _Pga6Regs
00005b60     16d (00005b40)     _Pga7Regs

00005c00     170 (00005c00)     _DacaRegs
00005c10     170 (00005c00)     _DacbRegs

00005c80     172 (00005c80)     _Cmpss1Regs
00005ca0     172 (00005c80)     _Cmpss2Regs

00005cc0     173 (00005cc0)     _Cmpss3Regs
00005ce0     173 (00005cc0)     _Cmpss4Regs

00005d00     174 (00005d00)     _Cmpss5Regs
00005d20     174 (00005d00)     _Cmpss6Regs

00005d40     175 (00005d40)     _Cmpss7Regs

00005e00     178 (00005e00)     _Sdfm1Regs

00006100     184 (00006100)     _SpiaRegs
00006110     184 (00006100)     _SpibRegs

000061c0     187 (000061c0)     _ClaPromCrc0Regs

00006400     190 (00006400)     _PmbusaRegs

00006600     198 (00006600)     _FsiTxaRegs

00006680     19a (00006680)     _FsiRxaRegs

00006a00     1a8 (00006a00)     _LinaRegs

00007000     1c0 (00007000)     _WdRegs

00007060     1c1 (00007040)     _NmiIntruptRegs
00007070     1c1 (00007040)     _XintRegs

00007200     1c8 (00007200)     _SciaRegs
00007210     1c8 (00007200)     _ScibRegs

00007300     1cc (00007300)     _I2caRegs

00007400     1d0 (00007400)     _AdcaRegs

00007480     1d2 (00007480)     _AdcbRegs

00007500     1d4 (00007500)     _AdccRegs

00007900     1e4 (00007900)     _InputXbarRegs
00007920     1e4 (00007900)     _XbarRegs

00007940     1e5 (00007940)     _SyncSocRegs

00007980     1e6 (00007980)     _DmaClaSrcSelRegs

00007a00     1e8 (00007a00)     _EPwmXbarRegs

00007a40     1e9 (00007a40)     _CLBXbarRegs

00007a80     1ea (00007a80)     _OutputXbarRegs

00007c00     1f0 (00007c00)     _GpioCtrlRegs

00007f00     1fc (00007f00)     _GpioDataRegs

0000a800     2a0 (0000a800)     _PieVectTableInit

0000a9d0     2a7 (0000a9c0)     _index
0000a9d1     2a7 (0000a9c0)     _bufferFull
0000a9d2     2a7 (0000a9c0)     _pingPongFlag
0000a9d3     2a7 (0000a9c0)     _readyForFFT
0000a9d4     2a7 (0000a9c0)     _hnd_rfft
0000a9d6     2a7 (0000a9c0)     _currentFFTBufferPtr
0000a9d8     2a7 (0000a9c0)     _rfft
0000a9e4     2a7 (0000a9c0)     ___TI_enable_exit_profile_output
0000a9e6     2a7 (0000a9c0)     ___TI_cleanup_ptr
0000a9e8     2a7 (0000a9c0)     ___TI_dtors_ptr
0000a9ea     2a7 (0000a9c0)     _bin_width
0000a9ec     2a7 (0000a9c0)     _peak_freq_results
0000a9ee     2a7 (0000a9c0)     __lock
0000a9f0     2a7 (0000a9c0)     __unlock
0000a9f2     2a7 (0000a9c0)     _errno

0000b000     2c0 (0000b000)     _fftBuffer

0000c000     300 (0000c000)     _adcAResults

0000e000     380 (0000e000)     _test_output

00010000     400 (00010000)     _FPU32RFFTtwiddleFactors
00010000     400 (00010000)     _RFFT_f32_twiddleFactors

00048000    1200 (00048000)     _CanaRegs

0004a000    1280 (0004a000)     _CanbRegs

0005d000    1740 (0005d000)     _DevCfgRegs

0005d200    1748 (0005d200)     _ClkCfgRegs

0005d300    174c (0005d300)     _CpuSysRegs

0005d500    1754 (0005d500)     _SysPeriphAcRegs

0005d700    175c (0005d700)     _AnalogSubsysRegs

0005e700    179c (0005e700)     _Dcc0Regs

0005e800    17a0 (0005e800)     _EradGlobalRegs

0005e900    17a4 (0005e900)     _EradHWBP1Regs
0005e908    17a4 (0005e900)     _EradHWBP2Regs
0005e910    17a4 (0005e900)     _EradHWBP3Regs
0005e918    17a4 (0005e900)     _EradHWBP4Regs
0005e920    17a4 (0005e900)     _EradHWBP5Regs
0005e928    17a4 (0005e900)     _EradHWBP6Regs
0005e930    17a4 (0005e900)     _EradHWBP7Regs
0005e938    17a4 (0005e900)     _EradHWBP8Regs

0005e980    17a6 (0005e980)     _EradCounter1Regs
0005e990    17a6 (0005e980)     _EradCounter2Regs
0005e9a0    17a6 (0005e980)     _EradCounter3Regs
0005e9b0    17a6 (0005e980)     _EradCounter4Regs

0005f000    17c0 (0005f000)     _DcsmBank0Z1Regs

0005f040    17c1 (0005f040)     _DcsmBank0Z2Regs
0005f070    17c1 (0005f040)     _DcsmCommonRegs

0005f100    17c4 (0005f100)     _DcsmBank1Z1Regs

0005f140    17c5 (0005f140)     _DcsmBank1Z2Regs

0005f400    17d0 (0005f400)     _MemCfgRegs

0005f4c0    17d3 (0005f4c0)     _AccessProtectionRegs

0005f500    17d4 (0005f500)     _MemoryErrorRegs

0005f800    17e0 (0005f800)     _Flash0CtrlRegs

0005fb00    17ec (0005fb00)     _Flash0EccRegs

000703cc    1c0f (000703c0)     _UidRegs


GLOBAL SYMBOLS: SORTED ALPHABETICALLY BY Name 

page  address   name                                  
----  -------   ----                                  
abs   ffffffff  .text                                 
0     00008eba  C$$EXIT                               
0     00008d0f  FS$$DIV                               
0     000080be  _ADCA1_ISR                            
0     000082e4  _ADCA2_ISR                            
0     000082ee  _ADCA3_ISR                            
0     000082f8  _ADCA4_ISR                            
0     000082da  _ADCA_EVT_ISR                         
0     000080c8  _ADCB1_ISR                            
0     0000830c  _ADCB2_ISR                            
0     00008316  _ADCB3_ISR                            
0     00008320  _ADCB4_ISR                            
0     00008302  _ADCB_EVT_ISR                         
0     000080d2  _ADCC1_ISR                            
0     00008438  _ADCC2_ISR                            
0     00008442  _ADCC3_ISR                            
0     0000844c  _ADCC4_ISR                            
0     0000842e  _ADCC_EVT_ISR                         
1     0005f4c0  _AccessProtectionRegs                 
1     00007400  _AdcaRegs                             
1     00000b00  _AdcaResultRegs                       
1     00007480  _AdcbRegs                             
1     00000b20  _AdcbResultRegs                       
1     00007500  _AdccRegs                             
1     00000b40  _AdccResultRegs                       
1     0005d700  _AnalogSubsysRegs                     
0     000082b2  _CANA0_ISR                            
0     000082bc  _CANA1_ISR                            
0     000082c6  _CANB0_ISR                            
0     000082d0  _CANB1_ISR                            
0     00008406  _CLA1PROMCRC_ISR                      
0     0000832a  _CLA1_1_ISR                           
0     00008334  _CLA1_2_ISR                           
0     0000833e  _CLA1_3_ISR                           
0     00008348  _CLA1_4_ISR                           
0     00008352  _CLA1_5_ISR                           
0     0000835c  _CLA1_6_ISR                           
0     00008366  _CLA1_7_ISR                           
0     00008370  _CLA1_8_ISR                           
0     0000847e  _CLA_OVERFLOW_ISR                     
0     00008488  _CLA_UNDERFLOW_ISR                    
1     00007a40  _CLBXbarRegs                          
1     00048000  _CanaRegs                             
1     0004a000  _CanbRegs                             
1     00001400  _Cla1Regs                             
1     000061c0  _ClaPromCrc0Regs                      
1     00003200  _Clb1DataExchRegs                     
1     00003000  _Clb1LogicCfgRegs                     
1     00003100  _Clb1LogicCtrlRegs                    
1     00003600  _Clb2DataExchRegs                     
1     00003400  _Clb2LogicCfgRegs                     
1     00003500  _Clb2LogicCtrlRegs                    
1     00003a00  _Clb3DataExchRegs                     
1     00003800  _Clb3LogicCfgRegs                     
1     00003900  _Clb3LogicCtrlRegs                    
1     00003e00  _Clb4DataExchRegs                     
1     00003c00  _Clb4LogicCfgRegs                     
1     00003d00  _Clb4LogicCtrlRegs                    
1     0005d200  _ClkCfgRegs                           
1     00005c80  _Cmpss1Regs                           
1     00005ca0  _Cmpss2Regs                           
1     00005cc0  _Cmpss3Regs                           
1     00005ce0  _Cmpss4Regs                           
1     00005d00  _Cmpss5Regs                           
1     00005d20  _Cmpss6Regs                           
1     00005d40  _Cmpss7Regs                           
1     0005d300  _CpuSysRegs                           
1     00000c00  _CpuTimer0Regs                        
1     00000c08  _CpuTimer1Regs                        
1     00000c10  _CpuTimer2Regs                        
0     0000863d  _CsmUnlock                            
0     00008014  _DATALOG_ISR                          
0     0000823a  _DMA_CH1_ISR                          
0     00008244  _DMA_CH2_ISR                          
0     0000824e  _DMA_CH3_ISR                          
0     00008258  _DMA_CH4_ISR                          
0     00008262  _DMA_CH5_ISR                          
0     0000826c  _DMA_CH6_ISR                          
1     00005c00  _DacaRegs                             
1     00005c10  _DacbRegs                             
1     0005e700  _Dcc0Regs                             
1     0005f000  _DcsmBank0Z1Regs                      
1     0005f040  _DcsmBank0Z2Regs                      
1     0005f100  _DcsmBank1Z1Regs                      
1     0005f140  _DcsmBank1Z2Regs                      
1     0005f070  _DcsmCommonRegs                       
1     0005d000  _DevCfgRegs                           
0     0000855e  _DisableDog                           
0     00008538  _DisablePeripheralClocks              
1     00007980  _DmaClaSrcSelRegs                     
1     00001000  _DmaRegs                              
0     000081a4  _ECAP1_ISR                            
0     000081ae  _ECAP2_ISR                            
0     000081b8  _ECAP3_ISR                            
0     000081c2  _ECAP4_ISR                            
0     000081cc  _ECAP5_ISR                            
0     000081ea  _ECAP6_2_ISR                          
0     000081d6  _ECAP6_ISR                            
0     000081f4  _ECAP7_2_ISR                          
0     000081e0  _ECAP7_ISR                            
1     00005200  _ECap1Regs                            
1     00005240  _ECap2Regs                            
1     00005280  _ECap3Regs                            
1     000052c0  _ECap4Regs                            
1     00005300  _ECap5Regs                            
1     00005340  _ECap6Regs                            
1     00005380  _ECap7Regs                            
0     0000849c  _EMPTY_ISR                            
0     00008028  _EMU_ISR                              
0     00008154  _EPWM1_ISR                            
0     00008104  _EPWM1_TZ_ISR                         
0     0000815e  _EPWM2_ISR                            
0     0000810e  _EPWM2_TZ_ISR                         
0     00008168  _EPWM3_ISR                            
0     00008118  _EPWM3_TZ_ISR                         
0     00008172  _EPWM4_ISR                            
0     00008122  _EPWM4_TZ_ISR                         
0     0000817c  _EPWM5_ISR                            
0     0000812c  _EPWM5_TZ_ISR                         
0     00008186  _EPWM6_ISR                            
0     00008136  _EPWM6_TZ_ISR                         
0     00008190  _EPWM7_ISR                            
0     00008140  _EPWM7_TZ_ISR                         
0     0000819a  _EPWM8_ISR                            
0     0000814a  _EPWM8_TZ_ISR                         
1     00004000  _EPwm1Regs                            
1     00004100  _EPwm2Regs                            
1     00004200  _EPwm3Regs                            
1     00004300  _EPwm4Regs                            
1     00004400  _EPwm5Regs                            
1     00004500  _EPwm6Regs                            
1     00004600  _EPwm7Regs                            
1     00004700  _EPwm8Regs                            
1     00007a00  _EPwmXbarRegs                         
0     000081fe  _EQEP1_ISR                            
0     00008208  _EQEP2_ISR                            
1     00005100  _EQep1Regs                            
1     00005140  _EQep2Regs                            
0     00008f02  _EnableInterrupts                     
1     0005e980  _EradCounter1Regs                     
1     0005e990  _EradCounter2Regs                     
1     0005e9a0  _EradCounter3Regs                     
1     0005e9b0  _EradCounter4Regs                     
1     0005e800  _EradGlobalRegs                       
1     0005e900  _EradHWBP1Regs                        
1     0005e908  _EradHWBP2Regs                        
1     0005e910  _EradHWBP3Regs                        
1     0005e918  _EradHWBP4Regs                        
1     0005e920  _EradHWBP5Regs                        
1     0005e928  _EradHWBP6Regs                        
1     0005e930  _EradHWBP7Regs                        
1     0005e938  _EradHWBP8Regs                        
0     00000124  _F28x_usDelay                         
0     00008460  _FLASH_CORRECTABLE_ERROR_ISR          
1     00010000  _FPU32RFFTtwiddleFactors              
0     00008398  _FPU_OVERFLOW_ISR                     
0     000083a2  _FPU_UNDERFLOW_ISR                    
0     000083f2  _FSIRXA1_ISR                          
0     000083fc  _FSIRXA2_ISR                          
0     000083de  _FSITXA1_ISR                          
0     000083e8  _FSITXA2_ISR                          
1     0005f800  _Flash0CtrlRegs                       
1     0005fb00  _Flash0EccRegs                        
1     00006680  _FsiRxaRegs                           
1     00006600  _FsiTxaRegs                           
0     000089ae  _GPIO_ReadPin                         
0     00008959  _GPIO_SetupLock                       
0     0000883d  _GPIO_SetupPinMux                     
0     000088c7  _GPIO_SetupPinOptions                 
0     00008981  _GPIO_SetupXINT1Gpio                  
0     0000898a  _GPIO_SetupXINT2Gpio                  
0     00008993  _GPIO_SetupXINT3Gpio                  
0     0000899c  _GPIO_SetupXINT4Gpio                  
0     000089a5  _GPIO_SetupXINT5Gpio                  
0     000089c5  _GPIO_WritePin                        
1     00007c00  _GpioCtrlRegs                         
1     00007f00  _GpioDataRegs                         
0     000086cf  _HALT                                 
1     00005360  _HRCap6Regs                           
1     000053a0  _HRCap7Regs                           
0     00008280  _I2CA_FIFO_ISR                        
0     00008276  _I2CA_ISR                             
1     00007300  _I2caRegs                             
0     000086c6  _IDLE                                 
0     0000803c  _ILLEGAL_ISR                          
0     00008800  _InitGpio                             
0     000084c1  _InitPeripheralClocks                 
0     00008ee3  _InitPieCtrl                          
0     00008f0b  _InitPieVectTable                     
0     000084b3  _InitSysCtrl                          
0     0000856b  _InitSysPll                           
1     00007900  _InputXbarRegs                        
0     000086e0  _IsPLLValid                           
0     00008410  _LINA_0_ISR                           
0     0000841a  _LINA_1_ISR                           
1     00006a00  _LinaRegs                             
1     0005f400  _MemCfgRegs                           
1     0005f500  _MemoryErrorRegs                      
0     00008032  _NMI_ISR                              
0     000084a9  _NOTUSED_ISR                          
1     00007060  _NmiIntruptRegs                       
1     00007a80  _OutputXbarRegs                       
0     00008492  _PIE_RESERVED_ISR                     
0     00008424  _PMBUSA_ISR                           
1     00005b00  _Pga1Regs                             
1     00005b10  _Pga2Regs                             
1     00005b20  _Pga3Regs                             
1     00005b30  _Pga4Regs                             
1     00005b40  _Pga5Regs                             
1     00005b50  _Pga6Regs                             
1     00005b60  _Pga7Regs                             
1     00000ce0  _PieCtrlRegs                          
1     00000d00  _PieVectTable                         
1     0000a800  _PieVectTableInit                     
1     00006400  _PmbusaRegs                           
0     0000846a  _RAM_ACCESS_VIOLATION_ISR             
0     00008456  _RAM_CORRECTABLE_ERROR_ISR            
0     00008b2a  _RFFT_f32                             
0     00008dee  _RFFT_f32_mag_TMU0                    
1     00010000  _RFFT_f32_twiddleFactors              
0     0000801e  _RTOS_ISR                             
0     0000828a  _SCIA_RX_ISR                          
0     00008294  _SCIA_TX_ISR                          
0     0000829e  _SCIB_RX_ISR                          
0     000082a8  _SCIB_TX_ISR                          
0     000083b6  _SD1DR1_ISR                           
0     000083c0  _SD1DR2_ISR                           
0     000083ca  _SD1DR3_ISR                           
0     000083d4  _SD1DR4_ISR                           
0     000083ac  _SD1_ISR                              
0     00008212  _SPIA_RX_ISR                          
0     0000821c  _SPIA_TX_ISR                          
0     00008226  _SPIB_RX_ISR                          
0     00008230  _SPIB_TX_ISR                          
0     00008474  _SYS_PLL_SLIP_ISR                     
1     00007200  _SciaRegs                             
1     00007210  _ScibRegs                             
1     00005e00  _Sdfm1Regs                            
0     00008551  _ServiceDog                           
0     0000878e  _SetVREF                              
1     00006100  _SpiaRegs                             
1     00006110  _SpibRegs                             
1     00007940  _SyncSocRegs                          
0     0000865d  _SysIntOsc1Sel                        
0     00008668  _SysIntOsc2Sel                        
1     0005d500  _SysPeriphAcRegs                      
0     000086b1  _SysXtalOscSESel                      
0     00008691  _SysXtalOscSel                        
0     000080f0  _TIMER0_ISR                           
0     00008000  _TIMER1_ISR                           
0     0000800a  _TIMER2_ISR                           
0     000080a0  _USER10_ISR                           
0     000080aa  _USER11_ISR                           
0     000080b4  _USER12_ISR                           
0     00008046  _USER1_ISR                            
0     00008050  _USER2_ISR                            
0     0000805a  _USER3_ISR                            
0     00008064  _USER4_ISR                            
0     0000806e  _USER5_ISR                            
0     00008078  _USER6_ISR                            
0     00008082  _USER7_ISR                            
0     0000808c  _USER8_ISR                            
0     00008096  _USER9_ISR                            
1     000703cc  _UidRegs                              
0     000080fa  _WAKE_ISR                             
1     00007000  _WdRegs                               
0     000080dc  _XINT1_ISR                            
0     000080e6  _XINT2_ISR                            
0     0000837a  _XINT3_ISR                            
0     00008384  _XINT4_ISR                            
0     0000838e  _XINT5_ISR                            
1     00007920  _XbarRegs                             
1     00007070  _XintRegs                             
1     00000600  __STACK_END                           
abs   00000200  __STACK_SIZE                          
1     0000a9e6  ___TI_cleanup_ptr                     
1     0000a9e8  ___TI_dtors_ptr                       
1     0000a9e4  ___TI_enable_exit_profile_output      
abs   ffffffff  ___TI_pprof_out_hndl                  
abs   ffffffff  ___TI_prof_data_size                  
abs   ffffffff  ___TI_prof_data_start                 
abs   ffffffff  ___binit__                            
abs   ffffffff  ___c_args__                           
0     000000f6  ___cinit__                            
abs   ffffffff  ___etext__                            
abs   ffffffff  ___pinit__                            
abs   ffffffff  ___text__                             
0     00008f71  __args_main                           
1     0000a9ee  __lock                                
0     000087fd  __nop                                 
0     000087f9  __register_lock                       
0     000087f5  __register_unlock                     
1     00000400  __stack                               
0     00008b29  __system_post_cinit                   
0     000087fe  __system_pre_init                     
1     0000a9f0  __unlock                              
0     00008eba  _abort                                
1     0000c000  _adcAResults                          
1     0000a9ea  _bin_width                            
1     0000a9d1  _bufferFull                           
0     00008d97  _c_int00                              
0     00008f30  _copy_in                              
1     0000a9d6  _currentFFTBufferPtr                  
0     00008e81  _dmaCh1ISR                            
1     0000a9f2  _errno                                
0     00008ebc  _exit                                 
1     0000b000  _fftBuffer                            
1     0000a9d4  _hnd_rfft                             
1     0000a9d0  _index                                
0     00008ab6  _initADC                              
0     00008afb  _initDMA                              
0     00008ade  _initEPWM                             
0     00008c47  _log2                                 
0     00008c47  _log2f                                
0     000089fe  _main                                 
0     00008f54  _memcpy                               
1     0000a9ec  _peak_freq_results                    
1     0000a9d2  _pingPongFlag                         
1     0000a9d3  _readyForFFT                          
1     0000a9d8  _rfft                                 
0     00008b33  _rfft_f32_Stages1and2and3andBitReverse
0     00008b9f  _rfft_f32_Stages4andUp                
0     00008e3c  _runFFT                               
1     0000e000  _test_output                          
abs   ffffffff  binit                                 
0     000000f6  cinit                                 
0     00000000  code_start                            
abs   ffffffff  etext                                 
abs   ffffffff  pinit                                 


GLOBAL SYMBOLS: SORTED BY Symbol Address 

page  address   name                                  
----  -------   ----                                  
0     00000000  code_start                            
0     000000f6  ___cinit__                            
0     000000f6  cinit                                 
0     00000124  _F28x_usDelay                         
0     00008000  _TIMER1_ISR                           
0     0000800a  _TIMER2_ISR                           
0     00008014  _DATALOG_ISR                          
0     0000801e  _RTOS_ISR                             
0     00008028  _EMU_ISR                              
0     00008032  _NMI_ISR                              
0     0000803c  _ILLEGAL_ISR                          
0     00008046  _USER1_ISR                            
0     00008050  _USER2_ISR                            
0     0000805a  _USER3_ISR                            
0     00008064  _USER4_ISR                            
0     0000806e  _USER5_ISR                            
0     00008078  _USER6_ISR                            
0     00008082  _USER7_ISR                            
0     0000808c  _USER8_ISR                            
0     00008096  _USER9_ISR                            
0     000080a0  _USER10_ISR                           
0     000080aa  _USER11_ISR                           
0     000080b4  _USER12_ISR                           
0     000080be  _ADCA1_ISR                            
0     000080c8  _ADCB1_ISR                            
0     000080d2  _ADCC1_ISR                            
0     000080dc  _XINT1_ISR                            
0     000080e6  _XINT2_ISR                            
0     000080f0  _TIMER0_ISR                           
0     000080fa  _WAKE_ISR                             
0     00008104  _EPWM1_TZ_ISR                         
0     0000810e  _EPWM2_TZ_ISR                         
0     00008118  _EPWM3_TZ_ISR                         
0     00008122  _EPWM4_TZ_ISR                         
0     0000812c  _EPWM5_TZ_ISR                         
0     00008136  _EPWM6_TZ_ISR                         
0     00008140  _EPWM7_TZ_ISR                         
0     0000814a  _EPWM8_TZ_ISR                         
0     00008154  _EPWM1_ISR                            
0     0000815e  _EPWM2_ISR                            
0     00008168  _EPWM3_ISR                            
0     00008172  _EPWM4_ISR                            
0     0000817c  _EPWM5_ISR                            
0     00008186  _EPWM6_ISR                            
0     00008190  _EPWM7_ISR                            
0     0000819a  _EPWM8_ISR                            
0     000081a4  _ECAP1_ISR                            
0     000081ae  _ECAP2_ISR                            
0     000081b8  _ECAP3_ISR                            
0     000081c2  _ECAP4_ISR                            
0     000081cc  _ECAP5_ISR                            
0     000081d6  _ECAP6_ISR                            
0     000081e0  _ECAP7_ISR                            
0     000081ea  _ECAP6_2_ISR                          
0     000081f4  _ECAP7_2_ISR                          
0     000081fe  _EQEP1_ISR                            
0     00008208  _EQEP2_ISR                            
0     00008212  _SPIA_RX_ISR                          
0     0000821c  _SPIA_TX_ISR                          
0     00008226  _SPIB_RX_ISR                          
0     00008230  _SPIB_TX_ISR                          
0     0000823a  _DMA_CH1_ISR                          
0     00008244  _DMA_CH2_ISR                          
0     0000824e  _DMA_CH3_ISR                          
0     00008258  _DMA_CH4_ISR                          
0     00008262  _DMA_CH5_ISR                          
0     0000826c  _DMA_CH6_ISR                          
0     00008276  _I2CA_ISR                             
0     00008280  _I2CA_FIFO_ISR                        
0     0000828a  _SCIA_RX_ISR                          
0     00008294  _SCIA_TX_ISR                          
0     0000829e  _SCIB_RX_ISR                          
0     000082a8  _SCIB_TX_ISR                          
0     000082b2  _CANA0_ISR                            
0     000082bc  _CANA1_ISR                            
0     000082c6  _CANB0_ISR                            
0     000082d0  _CANB1_ISR                            
0     000082da  _ADCA_EVT_ISR                         
0     000082e4  _ADCA2_ISR                            
0     000082ee  _ADCA3_ISR                            
0     000082f8  _ADCA4_ISR                            
0     00008302  _ADCB_EVT_ISR                         
0     0000830c  _ADCB2_ISR                            
0     00008316  _ADCB3_ISR                            
0     00008320  _ADCB4_ISR                            
0     0000832a  _CLA1_1_ISR                           
0     00008334  _CLA1_2_ISR                           
0     0000833e  _CLA1_3_ISR                           
0     00008348  _CLA1_4_ISR                           
0     00008352  _CLA1_5_ISR                           
0     0000835c  _CLA1_6_ISR                           
0     00008366  _CLA1_7_ISR                           
0     00008370  _CLA1_8_ISR                           
0     0000837a  _XINT3_ISR                            
0     00008384  _XINT4_ISR                            
0     0000838e  _XINT5_ISR                            
0     00008398  _FPU_OVERFLOW_ISR                     
0     000083a2  _FPU_UNDERFLOW_ISR                    
0     000083ac  _SD1_ISR                              
0     000083b6  _SD1DR1_ISR                           
0     000083c0  _SD1DR2_ISR                           
0     000083ca  _SD1DR3_ISR                           
0     000083d4  _SD1DR4_ISR                           
0     000083de  _FSITXA1_ISR                          
0     000083e8  _FSITXA2_ISR                          
0     000083f2  _FSIRXA1_ISR                          
0     000083fc  _FSIRXA2_ISR                          
0     00008406  _CLA1PROMCRC_ISR                      
0     00008410  _LINA_0_ISR                           
0     0000841a  _LINA_1_ISR                           
0     00008424  _PMBUSA_ISR                           
0     0000842e  _ADCC_EVT_ISR                         
0     00008438  _ADCC2_ISR                            
0     00008442  _ADCC3_ISR                            
0     0000844c  _ADCC4_ISR                            
0     00008456  _RAM_CORRECTABLE_ERROR_ISR            
0     00008460  _FLASH_CORRECTABLE_ERROR_ISR          
0     0000846a  _RAM_ACCESS_VIOLATION_ISR             
0     00008474  _SYS_PLL_SLIP_ISR                     
0     0000847e  _CLA_OVERFLOW_ISR                     
0     00008488  _CLA_UNDERFLOW_ISR                    
0     00008492  _PIE_RESERVED_ISR                     
0     0000849c  _EMPTY_ISR                            
0     000084a9  _NOTUSED_ISR                          
0     000084b3  _InitSysCtrl                          
0     000084c1  _InitPeripheralClocks                 
0     00008538  _DisablePeripheralClocks              
0     00008551  _ServiceDog                           
0     0000855e  _DisableDog                           
0     0000856b  _InitSysPll                           
0     0000863d  _CsmUnlock                            
0     0000865d  _SysIntOsc1Sel                        
0     00008668  _SysIntOsc2Sel                        
0     00008691  _SysXtalOscSel                        
0     000086b1  _SysXtalOscSESel                      
0     000086c6  _IDLE                                 
0     000086cf  _HALT                                 
0     000086e0  _IsPLLValid                           
0     0000878e  _SetVREF                              
0     000087f5  __register_unlock                     
0     000087f9  __register_lock                       
0     000087fd  __nop                                 
0     000087fe  __system_pre_init                     
0     00008800  _InitGpio                             
0     0000883d  _GPIO_SetupPinMux                     
0     000088c7  _GPIO_SetupPinOptions                 
0     00008959  _GPIO_SetupLock                       
0     00008981  _GPIO_SetupXINT1Gpio                  
0     0000898a  _GPIO_SetupXINT2Gpio                  
0     00008993  _GPIO_SetupXINT3Gpio                  
0     0000899c  _GPIO_SetupXINT4Gpio                  
0     000089a5  _GPIO_SetupXINT5Gpio                  
0     000089ae  _GPIO_ReadPin                         
0     000089c5  _GPIO_WritePin                        
0     000089fe  _main                                 
0     00008ab6  _initADC                              
0     00008ade  _initEPWM                             
0     00008afb  _initDMA                              
0     00008b29  __system_post_cinit                   
0     00008b2a  _RFFT_f32                             
0     00008b33  _rfft_f32_Stages1and2and3andBitReverse
0     00008b9f  _rfft_f32_Stages4andUp                
0     00008c47  _log2                                 
0     00008c47  _log2f                                
0     00008d0f  FS$$DIV                               
0     00008d97  _c_int00                              
0     00008dee  _RFFT_f32_mag_TMU0                    
0     00008e3c  _runFFT                               
0     00008e81  _dmaCh1ISR                            
0     00008eba  C$$EXIT                               
0     00008eba  _abort                                
0     00008ebc  _exit                                 
0     00008ee3  _InitPieCtrl                          
0     00008f02  _EnableInterrupts                     
0     00008f0b  _InitPieVectTable                     
0     00008f30  _copy_in                              
0     00008f54  _memcpy                               
0     00008f71  __args_main                           
1     00000400  __stack                               
1     00000600  __STACK_END                           
1     00000b00  _AdcaResultRegs                       
1     00000b20  _AdcbResultRegs                       
1     00000b40  _AdccResultRegs                       
1     00000c00  _CpuTimer0Regs                        
1     00000c08  _CpuTimer1Regs                        
1     00000c10  _CpuTimer2Regs                        
1     00000ce0  _PieCtrlRegs                          
1     00000d00  _PieVectTable                         
1     00001000  _DmaRegs                              
1     00001400  _Cla1Regs                             
1     00003000  _Clb1LogicCfgRegs                     
1     00003100  _Clb1LogicCtrlRegs                    
1     00003200  _Clb1DataExchRegs                     
1     00003400  _Clb2LogicCfgRegs                     
1     00003500  _Clb2LogicCtrlRegs                    
1     00003600  _Clb2DataExchRegs                     
1     00003800  _Clb3LogicCfgRegs                     
1     00003900  _Clb3LogicCtrlRegs                    
1     00003a00  _Clb3DataExchRegs                     
1     00003c00  _Clb4LogicCfgRegs                     
1     00003d00  _Clb4LogicCtrlRegs                    
1     00003e00  _Clb4DataExchRegs                     
1     00004000  _EPwm1Regs                            
1     00004100  _EPwm2Regs                            
1     00004200  _EPwm3Regs                            
1     00004300  _EPwm4Regs                            
1     00004400  _EPwm5Regs                            
1     00004500  _EPwm6Regs                            
1     00004600  _EPwm7Regs                            
1     00004700  _EPwm8Regs                            
1     00005100  _EQep1Regs                            
1     00005140  _EQep2Regs                            
1     00005200  _ECap1Regs                            
1     00005240  _ECap2Regs                            
1     00005280  _ECap3Regs                            
1     000052c0  _ECap4Regs                            
1     00005300  _ECap5Regs                            
1     00005340  _ECap6Regs                            
1     00005360  _HRCap6Regs                           
1     00005380  _ECap7Regs                            
1     000053a0  _HRCap7Regs                           
1     00005b00  _Pga1Regs                             
1     00005b10  _Pga2Regs                             
1     00005b20  _Pga3Regs                             
1     00005b30  _Pga4Regs                             
1     00005b40  _Pga5Regs                             
1     00005b50  _Pga6Regs                             
1     00005b60  _Pga7Regs                             
1     00005c00  _DacaRegs                             
1     00005c10  _DacbRegs                             
1     00005c80  _Cmpss1Regs                           
1     00005ca0  _Cmpss2Regs                           
1     00005cc0  _Cmpss3Regs                           
1     00005ce0  _Cmpss4Regs                           
1     00005d00  _Cmpss5Regs                           
1     00005d20  _Cmpss6Regs                           
1     00005d40  _Cmpss7Regs                           
1     00005e00  _Sdfm1Regs                            
1     00006100  _SpiaRegs                             
1     00006110  _SpibRegs                             
1     000061c0  _ClaPromCrc0Regs                      
1     00006400  _PmbusaRegs                           
1     00006600  _FsiTxaRegs                           
1     00006680  _FsiRxaRegs                           
1     00006a00  _LinaRegs                             
1     00007000  _WdRegs                               
1     00007060  _NmiIntruptRegs                       
1     00007070  _XintRegs                             
1     00007200  _SciaRegs                             
1     00007210  _ScibRegs                             
1     00007300  _I2caRegs                             
1     00007400  _AdcaRegs                             
1     00007480  _AdcbRegs                             
1     00007500  _AdccRegs                             
1     00007900  _InputXbarRegs                        
1     00007920  _XbarRegs                             
1     00007940  _SyncSocRegs                          
1     00007980  _DmaClaSrcSelRegs                     
1     00007a00  _EPwmXbarRegs                         
1     00007a40  _CLBXbarRegs                          
1     00007a80  _OutputXbarRegs                       
1     00007c00  _GpioCtrlRegs                         
1     00007f00  _GpioDataRegs                         
1     0000a800  _PieVectTableInit                     
1     0000a9d0  _index                                
1     0000a9d1  _bufferFull                           
1     0000a9d2  _pingPongFlag                         
1     0000a9d3  _readyForFFT                          
1     0000a9d4  _hnd_rfft                             
1     0000a9d6  _currentFFTBufferPtr                  
1     0000a9d8  _rfft                                 
1     0000a9e4  ___TI_enable_exit_profile_output      
1     0000a9e6  ___TI_cleanup_ptr                     
1     0000a9e8  ___TI_dtors_ptr                       
1     0000a9ea  _bin_width                            
1     0000a9ec  _peak_freq_results                    
1     0000a9ee  __lock                                
1     0000a9f0  __unlock                              
1     0000a9f2  _errno                                
1     0000b000  _fftBuffer                            
1     0000c000  _adcAResults                          
1     0000e000  _test_output                          
1     00010000  _FPU32RFFTtwiddleFactors              
1     00010000  _RFFT_f32_twiddleFactors              
1     00048000  _CanaRegs                             
1     0004a000  _CanbRegs                             
1     0005d000  _DevCfgRegs                           
1     0005d200  _ClkCfgRegs                           
1     0005d300  _CpuSysRegs                           
1     0005d500  _SysPeriphAcRegs                      
1     0005d700  _AnalogSubsysRegs                     
1     0005e700  _Dcc0Regs                             
1     0005e800  _EradGlobalRegs                       
1     0005e900  _EradHWBP1Regs                        
1     0005e908  _EradHWBP2Regs                        
1     0005e910  _EradHWBP3Regs                        
1     0005e918  _EradHWBP4Regs                        
1     0005e920  _EradHWBP5Regs                        
1     0005e928  _EradHWBP6Regs                        
1     0005e930  _EradHWBP7Regs                        
1     0005e938  _EradHWBP8Regs                        
1     0005e980  _EradCounter1Regs                     
1     0005e990  _EradCounter2Regs                     
1     0005e9a0  _EradCounter3Regs                     
1     0005e9b0  _EradCounter4Regs                     
1     0005f000  _DcsmBank0Z1Regs                      
1     0005f040  _DcsmBank0Z2Regs                      
1     0005f070  _DcsmCommonRegs                       
1     0005f100  _DcsmBank1Z1Regs                      
1     0005f140  _DcsmBank1Z2Regs                      
1     0005f400  _MemCfgRegs                           
1     0005f4c0  _AccessProtectionRegs                 
1     0005f500  _MemoryErrorRegs                      
1     0005f800  _Flash0CtrlRegs                       
1     0005fb00  _Flash0EccRegs                        
1     000703cc  _UidRegs                              
abs   00000200  __STACK_SIZE                          
abs   ffffffff  .text                                 
abs   ffffffff  ___TI_pprof_out_hndl                  
abs   ffffffff  ___TI_prof_data_size                  
abs   ffffffff  ___TI_prof_data_start                 
abs   ffffffff  ___binit__                            
abs   ffffffff  ___c_args__                           
abs   ffffffff  ___etext__                            
abs   ffffffff  ___pinit__                            
abs   ffffffff  ___text__                             
abs   ffffffff  binit                                 
abs   ffffffff  etext                                 
abs   ffffffff  pinit                                 

[329 symbols]
